Script started on Mon Nov 22 09:08:47 2021

The default interactive shell is now zsh.
To update your account to use zsh, please run `chsh -s /bin/zsh`.
For more details, please visit https://support.apple.com/kb/HT208050.
[?1034hbash-3.2$ cat>Ch12S1f[KF1
george      George	White	18.00	23
Mark White 1        	White     Red	18.10	20
Mary Blue     	Blue	10.89	25
Dan Bl   	Black  	12, .00	0
Susan Gree     	Green 18.    	18  	18.00	40
Nora  	Brown	17.20	46
Bruce	Purple	12.20	52
John  	Gray	11.00	39
Bob  	Gold 156   	15.00	45
Steve	Silver	14.67	25
^Dbash-3.2$ awk {if($4==0) print $1 $2} Ch12S1F1
bash: syntax error near unexpected token `('
bash-3.2$ awk {if($4==0) print $1 $2} Ch12S1F1' Ch12S1F1[1@'
DanBlack
bash-3.2$ awk '{if($4==0) print $1 $2}' Ch12S1F1[1P[C[1@"[1@ [1P[C[C[1@ [C[C[1@"
$1 $2
bash-3.2$ awk '{if($4==0) print "$1 $2"}' Ch12S1F1[2P$1 $2[C[C[C[C[C[C[C[C[C[C[C[C[C[C[C[C[C[C[C[C[C[C[C[C[C[2P{if($4==0) print $1 $2}[C[C[C[C[C[C[C[C[C[C[C[C[C[C[C[C[C[C[C[C[C[C[C[2@'{if($4==0) print $1 $2}'[C[C[C[C[C[C[C[C[C[C[C[C[C[C[C[C[C[C[C[C[C[C[C[2P{if($4==0) print $1 $2}[C[C[C[C[C[C[C[C[C[C[C[C[C[C[C[C[C[C[C[24Pcat>Ch12S1F1[C[C[C[C[C[C[C[C[C[Cawk {if($4==0) print $1 $2} Ch12S1F1[C[C[C[C[C[C[C[C[C[C[C[C[C[C[2@'{if($4==0) print $1 $2}'[C[C[C[C[C[C[C[C[C[1P[1@.[1P[1@,
Dan Black
bash-3.2$ awk '{if($3>=15) print $0}' Ch12S1F1
George	White	18.00	23
Mark	Red	18.10	20
Susan	Green	18.00	40
Nora	Brown	17.20	46
Bob	Gold 	15.00	45
bash-3.2$ sort -nrk4 Ch12S!f[K[K1F![K1|awk '{if(NR==1) print $0}'[1P[1P[1P[1P[1P[C[C[C[C[C[C[C[C[C[C[C[1P'[1P'[1P'[1P'[1P'[1P'[1P'[1P'[1P'[1P'[1P'[1P'[1P'[1P'i'f'('N'R'='='1')' 'm'a'x'='$'4'}'[1P';'p'r'i'n't' '[1P'[1P'[1P'[1P'[1P'[1P'i'f'('$'4'='='5'[1P'm'a'x')' 'p'r'i'n't' '$'0'[C}
Bruce	Purple	12.20	52
bash-3.2$ awk sort -nrk4 Ch12S1F1|awk '{if(NR==1) max=$4;if($4==max) print $0'}[C[C[C[C[C[C[C[C[C[C[29Pawk '{if($3>=15) print $0}' Ch12S1F1[C[C[C[C[C[C[C[C[C[C[C[C[C[C[C[C[C[C[C[C[2@4==0) print $1,$2[C[C[C[C[C[C[C[C[C[C[C[2@"$1 $2"[C[C[C[C[C[C[C[C[C[C[C[2P$1 $2[C[C[C[C[C[C[C[C[C[C[C[C[C[C[C[C[C[C[C[C[C[C[C[C[C[2P{if($4==0) print $1 $2}[C[C[C[C[C[C[C[C[C[C[C[C[C[C[C[C[C[C[C[24Pcat>Ch12S1F1[C[C[C[C[C[C[C[C[C[C[8Pexitawk -f nosales.awk totsales.txt[C[C[C[C[C[C[C[C[C[Cexit[Kcat>Ch12S1F1[C[C[C[C[C[C[C[C[C[Cawk {if($4==0) print $1 $2} Ch12S1F1[C[C[C[C[C[C[C[C[C[C[C[C[C[C[2@'{if($4==0) print $1 $2}'[C[C[C[C[C[C[C[C[C[C[1P[1P[1P[1P[1P[1P[1@ [1@4[1@0[C[1P[1@$[C[1P[1@"[1@M[1@a[1@r[1@y[1@"[1P[1@1
Mary	Blue	10.89	25
bash-3.2$ awk '{if($1=="Mary") print $0}' Ch12S1F1[1@3[1P[1P[1@3[C[1P[1@>[C[1P[C[C[C[C[C[C[1P[1P[1P[1P[1P[1@1[1@8[1P[1P[1P[1@1[1@8[C[C[C[C[C[C[C[C[C[C[1P[1@4
20
bash-3.2$ awk '{if($3>18) print $4}' Ch12S1F1[1@=[C[C[1P[1@ [1@&[1@&[1@ [1@$[1@3[1@<[1@=[1@1[1@8[C[C[C[C[C[C[C[C[C[C[1P[1@0
George	White	18.00	23
Mary	Blue	10.89	25
Dan	Black	12.00	0
Susan	Green	18.00	40
Nora	Brown	17.20	46
Bruce	Purple	12.20	52
John	Gray	11.00	39
Bob	Gold 	15.00	45
Steve	Silver	14.67	25
bash-3.2$ awk '{if($3>=1 && $3<=18) print $0}' Ch12S1F1[C[C[C[C[C[C[C[C[C[C[C[C[C[C[C[C[C[C[C[C[C[C[10P18) print $4[C[C[C[C[C[C[C[C[C[C[C[1P[1@4[C[C[C[C[1P[1P[1@4[1@0[C[C[C[C[C[C[C[C[C[C[1P[1@0
Nora	Brown	17.20	46
Bruce	Purple	12.20	52
Bob	Gold 	15.00	45
bash-3.2$ awk '{if($4>40) print $0}' Ch12S1F1[C[C[C[C[C[C[C[C[C[C[C[C[C[C[C[C[C[C[C[C[10@3>=1 && $3<=18[C[C[C[C[C[C[C[C[C[C[C[C[C[C[C[C[C[C[C[C[C[1P[1P[1@3[1@0[1P[1@3[1@0[C[C[C[C[C[C[1P[1@4[1P[1@4
bash-3.2$ awk '{if($4>=30 && $4<=30) print $0}' Ch12S1F1[1P[1@2
George	White	18.00	23
Mark	Red	18.10	20
Mary	Blue	10.89	25
Steve	Silver	14.67	25
bash-3.2$ echo -----------------------------------------------
-----------------------------------------------
bash-3.2$ if[K[Kcat>Ch12S1F1,[K.awk
print "Weekly Report"
print "First Name  ^[[D             -name\tL-name\trate    Rate\tHours\Pay   tPay"^D^Dbash-3.2$ cat>Ch12S1F1.awk
BEGIN{
print "Weekly Report"
print "F-name\tL-name\tRate\tHours\tPay"
}
{
printf("        if($4>40)
{ ^Dbash-3.2$ cat>Ch12S1F1.awk
BEGIN{
print "Weekly Report"
print "F-name\tL-name\tRate\tHours\tPay"
}
{
printf("%s\t%s\t%f\t%d\t%f",$1,$2,$3,$4,$ ($4>40)?$4*$3*1.5:$4*$3)
}
^Dbash-3.2$ cat>Ch12S1F1.awk[C[C[C[C[C[C[C[C[C[Cecho -----------------------------------------------[C[C[C[C[C[C[C[C[C[C[6Pawk '{if($4>=20 && $4<=30) print $0}' Ch12S1F1[C[C[C[C[C[C[C[C[C[C[C[C[C[C[C[C[C[C[C[C[C[C[C3[C[C[C[C[C[C[C[C[C[C[C[C[C[C[C[C[C[C[C[C[C[C[C[C[C[C[C[C[C[C[C[C[C[C[C[C[C[C[C[C[C[C[C[C[C[C[C[C[C[C[C[C[C[C[11P4[C[C[C[C[C[C[C[C[C[C[C[C[C[C[C[C[C[C[C[C[C[C[C[C[C[C[C[C[C[C[C[C[C[C[C[C[C[C[C[C[C[C[10@3>=1 && $3<=18[C[C[C[C[C[C[C[C[C[C[C[C[C[C[C[C[C[C[C[C[C[C[C[C[C[C[C[C[C[C[C[C[C[C[C[C[C[C[C[C[C[C[C[10P18) print $4[C[C[C[C[C[C[C[C[C[C[C[C[C[C[C[C[C[C[C[C[C[C[C[C[C[C[C[C[C[C[C[5@1=="Mary") print $0[C[C[C[C[C[C[C[C[C[C[C[C[C[C[C[C[C[C[C[C[Csort -nrk4 Ch12S1F1|awk '{if(NR==1) max=$4;if($4==max) print $0'}[C[C[C[C[C[C[C[C[C[C[29Pawk '{if($3>=15) print $0}' Ch12S1F1[C[C[C[C[C[C[C[C[C[C[C[C[C[C[C[C[C[C[C[C[2@4==0) print $1,$2[C[C[C[C[C[C[C[C[C[C[C[2@"$1 $2"[C[C[C[C[C[C[C[C[C[C[C[2P$1 $2[C[C[C[C[C[C[C[C[C[C[C[C[C[C[C[C[C[C[C[C[C[C[C[C[C[2P{if($4==0) print $1 $2}[C[C[C[C[C[C[C[C[C[C[C[C[C[C[C[C[C[C[C[24Pcat>Ch12S1F1[C[C[C[C[C[C[C[C[C[C[8Pexitawk -f nosales.awk totsales.txt[C[C[C[C[C[C[C[C[C[C[16Pcat>nosales.awk[C[C[C[C[C[C[C[C[C[Cawk -f nosales.awk totsales.txt[1P[1P[1P[1P[1P[1P[1P[1@C[1@g[1@h[1P[1P[1@h[1@1[1@2[1@S[1@1[1@F[1@1[C[C[C[C[C[1Potsales.txt[1Ptsales.txt[1Psales.txt[1Pales.txt[1Ples.txt[1Pes.txt[1Ps.txt[1P.txtC.txth.txt1.txt2.txtS.txt1.txtF.txt1.txt
Weekly Report
F-name	L-name	Rate	Hours	Pay
awk: can't open file Ch12S1F1.txt
 source line number 4
bash-3.2$ awk -f Ch12S1F1.awk Ch12S1F1.txt[K[K[K[K
Weekly Report
F-name	L-name	Rate	Hours	Pay
George	White	18.000000	23	414.000000Mark	Red	18.100000	20	362.000000Mary	Blue	10.890000	25	272.250000Dan	Black	12.000000	0	0.000000Susan	Green	18.000000	40	720.000000Nora	Brown	17.200000	46	1186.800000Bruce	Purple	12.200000	52	951.600000John	Gray	11.000000	39	429.000000Bob	Gold	15.000000	45	1012.500000Steve	Silver	14.670000	25	366.750000bash-3.2$ awk -f Ch12S1F1.awk Ch12S1F1.txt[C[C[C[C[C[C[C[C[C[C[16Pcat>Ch12S1F1.awk[C[C[C[C[C[C[C[C[C[Cecho -----------------------------------------------[C[C[C[C[C[C[C[C[C[C[6Pawk '{if($4>=20 && $4<=30) print $0}' Ch12S1F1[C[C[C[C[C[C[C[C[C[Cecho -----------------------------------------------[C[C[C[C[C[C[C[C[C[C[6Pawk '{if($4>=20 && $4<=30) print $0}' Ch12S1F1[C[C[C[C[C[C[C[C[C[C[C[C[C[C[C[C[C[C[C[C[C[C[C3[C[C[C[C[C[C[C[C[C[C[C[C[C[C[C[C[C[C[C[C[C[C[C[C[C[C[C[C[C[C[C[C[C[C[C[C[C[C[C[C[C[C[C[C[C[C[C[C[C[C[C[C[C[C[C2[C[C[C[C[C[C[C[C[C[C[C[C[C[C[C[C[C[C[C[C[C[C[C[C[C[C[C[C[C[C[C[C[C[C[C[C[C[C[C[C[C[Cecho -----------------------------------------------[C[C[C[C[C[C[C[C[C[Ccat>Ch12S1F1.awk[K
^Dbash-3.2$ cat>Ch12S1F1.awk
BEGIN{
print "Weekly Report"
print "F-name\tL-name\tRate\tHours\tPay"
}
{
printf("%s\t%s\t%f\t%d\t%f\n",^[[C     ,$1,$2,$3,$4,($4>40)?$4*$3*1.5:$4*$3)
}
^Dbash-3.2$ cat>Ch12S1F1.awk[C[C[C[C[C[C[C[C[C[Cawk -f Ch12S1F1.awk Ch12S1F1.txt[K
Weekly Report
F-name	L-name	Rate	Hours	Pay
George	White	18.000000	23	414.000000
Mark	Red	18.100000	20	362.000000
Mary	Blue	10.890000	25	272.250000
Dan	Black	12.000000	0	0.000000
Susan	Green	18.000000	40	720.000000
Nora	Brown	17.200000	46	1186.800000
Bruce	Purple	12.200000	52	951.600000
John	Gray	11.000000	39	429.000000
Bob	Gold	15.000000	45	1012.500000
Steve	Silver	14.670000	25	366.750000
bash-3.2$ awk -f Ch12S1F1.awk Ch12S1F1[C[C[C[C[C[C[C[C[C[C[12Pcat>Ch12S1F1.awk
BEGIN{
print "Weekly Report"
print "F-name\tL-name\tRate\tHours\tPay"
}
{
printf("%s\t%s\t%f\t%d\t%f^[[D             0.2f\t%d\t%0.2f\n",$1,$2,$3,$4,($4>40)?$4*$3*1.5:$4*$3)
}
^Dbash-3.2$ cat>Ch12S1F1.awk[C[C[C[C[C[C[C[C[C[Cawk -f Ch12S1F1.awk Ch12S1F1
Weekly Report
F-name	L-name	Rate	Hours	Pay
George	White	18.00	23	414.00
Mark	Red	18.10	20	362.00
Mary	Blue	10.89	25	272.25
Dan	Black	12.00	0	0.00
Susan	Green	18.00	40	720.00
Nora	Brown	17.20	46	1186.80
Bruce	Purple	12.20	52	951.60
John	Gray	11.00	39	429.00
Bob	Gold	15.00	45	1012.50
Steve	Silver	14.67	25	366.75
bash-3.2$ awk -f Ch12S1F1.awk Ch12S1F1[C[C[C[C[C[C[C[C[C[C[12Pcat>Ch12S1F1.awk>Ch12S1F1.awk
END{
print ""
print "       ^Dbash-3.2$ cat>>Ch12S1F1.awk[C[C[C[C[C[C[C[C[C[Cawk -f Ch12S1F1.awk Ch12S1F1[C[C[C[C[C[C[C[C[C[C[12Pcat>Ch12S1F1.awk
BEGIN{
print "Weekly Report"
print "F-name\tL-name\tRate\tHours\tPay"
}
{
printf("%s\t%s\t%0.2f\t%d\t%0.2f\n",$1,$2,$3,$4,($4>40)?$4*$3*1.5:$4*$3)
^Dbash-3.2$ cat>Ch12S1F1.awk
BEGIN{
print "Weekly Report"
print "F-name\tL-name\tRate\tHours\tPay"
}
{
payr roll+=(          pay=($4>40)?$4*$3*1.5:$4*$3) 
payroll+=pay
printf("%s\t%s\t%0.2f\t%d\t%0.2f\n",$1,$2,$3,$4,($4>40)?$4*$3*1.5:$4*$3)
}
END{
print ""
print "Total Payroll: " payroll
}
^Dbash-3.2$ cat>Ch12S1F1.awk>Ch12S1F1.awk[C[C[C[C[C[C[C[C[C[Cawk -f Ch12S1F1.awk Ch12S1F1
Weekly Report
F-name	L-name	Rate	Hours	Pay
George	White	18.00	23	414.00
Mark	Red	18.10	20	362.00
Mary	Blue	10.89	25	272.25
Dan	Black	12.00	0	0.00
Susan	Green	18.00	40	720.00
Nora	Brown	17.20	46	1186.80
Bruce	Purple	12.20	52	951.60
John	Gray	11.00	39	429.00
Bob	Gold	15.00	45	1012.50
Steve	Silver	14.67	25	366.75

Total Payroll: 5714.9
bash-3.2$ echo ----------------------------------------------------
----------------------------------------------------
bash-3.2$ exit[K[K[K[Kecho ----------------------------------------------------[C[C[C[C[C[C[C[C[C[C[29Pawk -f Ch12S1F1.awk Ch12S1F1[C[C[C[C[C[C[C[C[C[C[12Pcat>Ch12S1F1.awk[K[K[K[K[K[K[K[K[K[K[K[K[K[K[K[Kcat>Ch12S1F1.awk>Ch12S1F1.awk[C[C[C[C[C[C[C[C[C[Cawk -f Ch12S1F1.awk Ch12S1F1[C[C[C[C[C[C[C[C[C[C[12Pcat>Ch12S1F1.awk[C[C[C[C[C[C[C[C[C[Cawk -f Ch12S1F1.awk Ch12S1F1[C[C[C[C[C[C[C[C[C[C[12Pcat>Ch12S1F1.awk[C[C[C[C[C[C[C[C[C[Cawk -f Ch12S1F1.awk Ch12S1F1[C[C[C[C[C[C[C[C[C[C[11Pcat>>Ch12S1F1.awk[1PCh12S1F1.awk[C[C[C[C[C[C[C[C[C[C[Kawk -f Ch12S1F1.awk Ch12S1F1[C[C[C[C[C[C[C[C[C[Cecho ----------------------------------------------------[C[C[C[C[C[C[C[C[C[C[Kecho ----------------------------------------------------[C[C[C[C[C[C[C[C[C[C[29Pawk -f Ch12S1F1.awk Ch12S1F1[K[K[K[K[K[K[K[K[K[K[K[K[K[K[K[K[K[K[K[K[K[K[K[K[K[K[K[Kcat>Ch12S1F1.awk
BEGIN{
print "Weekly Report"
print "F-name\tL-name\tRate\tHours\tPay"
}
{
pay=($4>40)?$4*$3*1.5:$4*$3 
payroll+=pay
printf("%s\t%s\t%0.2f\t%d\t%0.2f\n",$1,$2,$3,$4,pay)
}
END{
print ""
print "Total Payroll: " payroll
}
^Dbash-3.2$ cat>Ch12S1F1.awk[C[C[C[C[C[C[C[C[C[Cecho ----------------------------------------------------[C[C[C[C[C[C[C[C[C[C[Kcat>Ch12S1F1.awk>Ch12S1F1.awk[C[C[C[C[C[C[C[C[C[Cawk -f Ch12S1F1.awk Ch12S1F1
Weekly Report
F-name	L-name	Rate	Hours	Pay
George	White	18.00	23	414.00
Mark	Red	18.10	20	362.00
Mary	Blue	10.89	25	272.25
Dan	Black	12.00	0	0.00
Susan	Green	18.00	40	720.00
Nora	Brown	17.20	46	1186.80
Bruce	Purple	12.20	52	951.60
John	Gray	11.00	39	429.00
Bob	Gold	15.00	45	1012.50
Steve	Silver	14.67	25	366.75

Total Payroll: 5714.9
bash-3.2$ awk -f Ch12S1F1.awk Ch12S1F1[C[C[C[C[C[C[C[C[C[C[12Pcat>Ch12S1F1.awk[C[C[C[C[C[C[C[C[C[Cecho ----------------------------------------------------[C[C[C[C[C[C[C[C[C[C[Kecho ----------------------------------------------------
----------------------------------------------------
bash-3.2$ echo ----------------------------------------------------[C[C[C[C[C[C[C[C[C[C[29Pawk -f Ch12S1F1.awk Ch12S1F1[C[C[C[C[C[C[C[C[C[C[12Pcat>Ch12S1F1.awk[C[C[C[C[C[C[C[C[C[Cecho ----------------------------------------------------[C[C[C[C[C[C[C[C[C[C[Kcat>Ch12S1F1.awk>Ch12S1F1.awk[1PCh12S1F1.awk[C[C[C[C[C[C[C[C[C[C[Kecho ----------------------------------------------------[C[C[C[C[C[C[C[C[C[Ccat>Ch12S1F1.awk[K[C[C[C[C[C[C[C[C[C[Cawk -f Ch12S1F1.awk Ch12S1F1[C[C[C[C[C[C[C[C[C[Cecho ----------------------------------------------------[C[C[C[C[C[C[C[C[C[C[Kecho ----------------------------------------------------[C[C[C[C[C[C[C[C[C[C[29Pawk -f Ch12S1F1.awk Ch12S1F1>Ch12S1R1
bash-3.2$ cat Ch12S1E[KR1
Weekly Report
F-name	L-name	Rate	Hours	Pay
George	White	18.00	23	414.00
Mark	Red	18.10	20	362.00
Mary	Blue	10.89	25	272.25
Dan	Black	12.00	0	0.00
Susan	Green	18.00	40	720.00
Nora	Brown	17.20	46	1186.80
Bruce	Purple	12.20	52	951.60
John	Gray	11.00	39	429.00
Bob	Gold	15.00	45	1012.50
Steve	Silver	14.67	25	366.75

Total Payroll: 5714.9
bash-3.2$ cat Ch12S1R1[C[C[C[C[C[C[C[C[C[Cawk -f Ch12S1F1.awk Ch12S1F1>Ch12S1R1[C[C[C[C[C[C[C[C[C[Cecho ----------------------------------------------------
----------------------------------------------------
bash-3.2$ echo ----------------------------------------------------[C[C[C[C[C[C[C[C[C[Ccat Ch12S1R1[K[C[C[C[C[C[C[C[C[C[Cawk -f Ch12S1F1.awk Ch12S1F1>Ch12S1R1[C[C[C[C[C[C[C[C[C[Ccat Ch12S1R1[K[K[K2[K[K2[K3S[KF1[1PCh12S3F1>Ch12S3F1[C
0123	1.23	23	20	20
0234	2.34	2 34	50	23 5
3456	34.56	56	50	10
4567	45.67	7	10	5
5678	6.78	75	75	25
^Dbash-3.2$ cat>Ch12S3F1[C[C[C[C[C[C[C[C[C[Cecho ----------------------------------------------------[C[C[C[C[C[C[C[C[C[Ccat Ch12S1R1[K[C[C[C[C[C[C[C[C[C[Cawk -f Ch12S1F1.awk Ch12S1F1>Ch12S1R1[C[C[C[C[C[C[C[C[C[Cecho ----------------------------------------------------[C[C[C[C[C[C[C[C[C[C[29Pawk -f Ch12S1F1.awk Ch12S1F1[C[C[C[C[C[C[C[C[C[C[12Pcat>Ch12S1F1.awk[C[1PF1.awk3F1.awk[C
^[[A    BEGIN{
print "RE  Inventory Report"
print "Part No.\tPrice\tQuantity\t^[[D^[[D           on Hand\tReorder point     point Minimum          \tMinimum order     Order\n"
}
^Dbash-3.2$ cat>Ch12S3F1.awk
BEGIN{
print "Inventory Report"
print "Part No.\tPrice\tQuantity on Hand\tReorder point\tMinimum Order\tOrder Amount\n"
}
^[[A    {
rp=   oa=($3<$4)?r $5 4+$5-$2:""    3:""  0
printf("%d\t%d\%d\   t%d\t%d\t%d\t%d\n",$0                       ^Z
[1]+  Stopped                 cat > Ch12S3F1.awk
bash-3.2$ cat>Ch12S3F1.awk
BEGIN{
print "Inventory Report"
print "Part No.\tPrice\tQuantity on Hand\tReorder point\tMinimum Order\tOrder Amount\n"
}
{   
oa=($3<$4)?$4+$5-$3:0 
printf("%d\t     $0,"\toa  %d\n",2 oa)
}
^Dbash-3.2$ cat>Ch12S3F1.awk[K[C[C[C[C[C[C[C[C[C[Cecho ----------------------------------------------------[C[C[C[C[C[C[C[C[C[Ccat Ch12S1R1[K[C[C[C[C[C[C[C[C[C[Cawk -f Ch12S1F1.awk Ch12S1F1>Ch12S1R1[C[C[C[C[C[C[C[C[C[Cecho ----------------------------------------------------[C[C[C[C[C[C[C[C[C[C[20Pawk -f Ch12S1F1.awk Ch12S1F1>Ch12S1R1[C[1P[1@3[C[C[C[C[C[C[C[C[C[C[C[C[C[1PF1>Ch12S1R13F1>Ch12S1R1[C[C[C[1PCh12S1R1[1Ph12S1R1[1P12S1R1[1P2S1R1[1PS1R1[1P1R1[1PR1[1P1[K
Inventory Report
Part No.	Price	Quantity on Hand	Reorder point	Minimum Order	Order Amount

0123	1.23	23	20	200234	2.34	34	50	253456	34.56	56	50	104567	45.67	7	10	55678	6.78	75	75	25bash-3.2$ awk -f Ch12S3F1.awk Ch12S3F1[C[C[C[C[C[C[C[C[C[C[12Pcat>Ch12S3F1.awk
^Dbash-3.2$ cat>Ch12S3F1.awk
BEGIN{
print "Inventory Report"
print "Part No.\tPrice\tQuantity on Hand\tReorder point\tMinimum Order\tOrder Amount\n"
}
{   
oa=($3<$4)?$4+$5-$3:0 
printf("%d\t%d\t%d\t%d\t%d\t%d\n",$1,$1 2,% $3,$3 4,$5,  5,$ oa)
}
^Dbash-3.2$ cat>Ch12S3F1.awk[C[C[C[C[C[C[C[C[C[Cawk -f Ch12S3F1.awk Ch12S3F1
Inventory Report
Part No.	Price	Quantity on Hand	Reorder point	Minimum Order	Order Amount

123	1	23	20	20	0
234	2	34	50	25	41
3456	34	56	50	10	0
4567	45	7	10	5	8
5678	6	75	75	25	0
bash-3.2$ awk -f Ch12S3F1.awk Ch12S3F1[C[C[C[C[C[C[C[C[C[C[12Pcat>Ch12S3F1.awk
BEGIN{
print "Inventory Report"
print "Part No.\tPrice\tQuantity on Hand\tReorder point\tMinimum Order\tOrder Amount\n"
}
{   
oa=($3<$4)?$4+$5-$3:0 
printf("%d\t\t%d   t%d\t\t%d\t%d\t%d\t%d\n",$1,$2,$3,$4,$5,oa)
}
^Dbash-3.2$ cat>Ch12S3F1.awk[C[C[C[C[C[C[C[C[C[Cawk -f Ch12S3F1.awk Ch12S3F1
Inventory Report
Part No.	Price	Quantity on Hand	Reorder point	Minimum Order	Order Amount

123		1		23	20	20	0
234		2		34	50	25	41
3456		34		56	50	10	0
4567		45		7	10	5	8
5678		6		75	75	25	0
bash-3.2$ awk -f Ch12S3F1.awk Ch12S3F1[C[C[C[C[C[C[C[C[C[C[12Pcat>Ch12S3F1.awk
BEGIN{
print "Inventory Report"
print "Part No.\tPrice\tQuantity on Hand\tReorder point\tMinimum Order\tOrder Amount\n"
}
{   
oa=($3<$4)?$4+$5-$3:0 
printf("%d\t\t%d\t\t%d\t\t%d\t\t%d\t\t%d\n",$1,$2,$3,$4,$5,oa)
}
bash-3.2$ awk -f Ch12S3F1.awk Ch12S3F1
^[[A    ^Dbash-3.2$ cat>Ch12S3F1.awk[C[C[C[C[C[C[C[C[C[Cawk -f Ch12S3F1.awk Ch12S3F1[C[C[C[C[C[C[C[C[C[C[12Pcat>Ch12S3F1.awk
BEGIN{
print "Inventory Report"
print "Part No.\tPrice\tQuantity on Hand\tReorder point\tMinimum Order\tOrder Amount\n"
}
{   
oa=($3<$4)?$4+$5-$3:0 
printf("%d\t\t%d\t\t%d\t\t%d\t\t%d\t\t%d\n",$1,$2,$3,$4,$5,oa)
}
^Dbash-3.2$ cat>Ch12S3F1.awk[C[C[C[C[C[C[C[C[C[Cawk -f Ch12S3F1.awk Ch12S3F1
Inventory Report
Part No.	Price	Quantity on Hand	Reorder point	Minimum Order	Order Amount

123		1		23		20		20		0
234		2		34		50		25		41
3456		34		56		50		10		0
4567		45		7		10		5		8
5678		6		75		75		25		0
bash-3.2$ awk -f Ch12S3F1.awk Ch12S3F1[C[C[C[C[C[C[C[C[C[C[12Pcat>Ch12S3F1.awk>Ch12S3F1.awk
END{
print "END OF REPORT"
}
^Dbash-3.2$ cat>>Ch12S3F1.awk[C[C[C[C[C[C[C[C[C[Cawk -f Ch12S3F1.awk Ch12S3F1>Ch12S3R1
bash-3.2$ awk -f Ch12S3F1.awk Ch12S3F1>Ch12S3R1[C[C[C[C[C[C[C[C[C[C[20Pcat>>Ch12S3F1.awk[C[C[C[C[C[C[C[C[C[Cawk -f Ch12S3F1.awk Ch12S3F1[C[C[C[C[C[C[C[C[C[C[12Pcat>Ch12S3F1.awk[C[C[C[C[C[C[C[C[C[Cawk -f Ch12S3F1.awk Ch12S3F1[C[C[C[C[C[C[C[C[C[C[12Pcat>Ch12S3F1.awk[C[C[C[C[C[C[C[C[C[Cawk -f Ch12S3F1.awk Ch12S3F1[C[C[C[C[C[C[C[C[C[C[12Pcat>Ch12S3F1.awk[C[C[C[C[C[C[C[C[C[Cawk -f Ch12S3F1.awk Ch12S3F1[C[C[C[C[C[C[C[C[C[C[12Pcat>Ch12S3F1.awk[K[C[C[C[C[C[C[C[C[C[Cecho ----------------------------------------------------[C[C[C[C[C[C[C[C[C[Ccat Ch12S1R1[K[C[C[C[C[C[C[C[C[C[Cawk -f Ch12S1F1.awk Ch12S1F1>Ch12S1R1[C[C[C[C[C[C[C[C[C[Ccat Ch12S1R1[K[1PR13R1
Inventory Report
Part No.	Price	Quantity on Hand	Reorder point	Minimum Order	Order Amount

123		1		23		20		20		0
234		2		34		50		25		41
3456		34		56		50		10		0
4567		45		7		10		5		8
5678		6		75		75		25		0
END OF REPORT
bash-3.2$ echo -------------------------------------------------------
-------------------------------------------------------
bash-3.2$ cat>Ch12S4F1
0101	41	8.11	Y	49
0722	32	7.22	N	40
1273	23	5.43	Y	39
2584	14	6.74	N	45
^Dbash-3.2$ print[K[K[K[K[Kcat>Ch12S4F1[C[C[C[C[C[C[C[C[C[Cecho -------------------------------------------------------[C[C[C[C[C[C[C[C[C[Ccat Ch12S3R1[K[C[C[C[C[C[C[C[C[C[Cawk -f Ch12S3F1.awk Ch12S3F1>Ch12S3R1[C[C[C[C[C[C[C[C[C[C[20Pcat>>Ch12S3F1.awk[C[C[C[C[C[C[C[C[C[Cawk -f Ch12S3F1.awk Ch12S3F1[C[C[C[C[C[C[C[C[C[C[12Pcat>Ch12S3F1.awk[C[C[1P.awk[1P.awk[1P.awk4.awk[C[C[C[C
BEGIN{
print "Payroll regii     Register"
print"  "\nEmployee Nio  o.  \tDepartment\tp Pay Rate\tExempt\tHours Worked\tBase Pay\tOvertime Pay" \n"
}
{
bp=$3*$5
op=($4=='N')?bp*15 .5:0
tot+=(op!=0)?op:bp
printf('%d  %d\t%d\t%0.2f\t%c\t%d\t%0.2f% \t%0.2f                                    "%d\t%d\t%0.2f\t%c\t%d\t%0.2f\t%0.2f" \n",$ 4 $1,$2,$3,$4,$5,bp.op   ,op)
}
^Dbash-3.2$ cat>Ch12S4.awk[2PF1[C[C[C[C[C[C[C[C[C[Cecho -------------------------------------------------------[C[C[C[C[C[C[C[C[C[Ccat Ch12S3R1[K[C[C[C[C[C[C[C[C[C[Cawk -f Ch12S3F1.awk Ch12S3F1>Ch12S3R1[1P[1P[1P[1@4[C[C[C[C[C[C[C[C[C[C[C[C[C[C[1PCh12S3R1[1Ph12S3R1[1P12S3R1[1P2S3R1[1PS3R1[1P3R1[1PR1[1P1[K[1PF14F1
awk: syntax error at source line 5 source file Ch12S4.awk
 context is
	 >>> op=($4==' <<< 
awk: illegal statement at source line 5 source file Ch12S4.awk
awk: illegal statement at source line 5 source file Ch12S4.awk
bash-3.2$ awk -f Ch12S4.awk Ch12S4F1[C[C[C[C[C[C[C[C[C[C[12Pcat>Ch12S4.awk
BEGIN{
print "Payroll Register"
print "\nEmployee No.\tDepartment\tPay Rate\tExempt\tHours Worked\tBase Pay\tOvertime Pay\n"
}
{
bp=$3*$5
op=($4=="N")?bp*1.5:0
tot+=(op!=0)?op:bp
printf("%d\t%d\t%0.2f\t%c\t%d\t%0.2f\t%0.2f\n",$1,$2,$3,$4,$5,bp,op)
}
^Dbash-3.2$ cat>Ch12S4.awk[C[C[C[C[C[C[C[C[C[Cawk -f Ch12S4.awk Ch12S4F1
Payroll Register

Employee No.	Department	Pay Rate	Exempt	Hours Worked	Base Pay	Overtime Pay

101	41	8.11	Y	49	397.39	0.00
722	32	7.22	N	40	288.80	433.20
1273	23	5.43	Y	39	211.77	0.00
2584	14	6.74	N	45	303.30	454.95
bash-3.2$ awk -f Ch12S4.awk Ch12S4F1[C[C[C[C[C[C[C[C[C[C[12Pcat>Ch12S4.awk
BEGIN{
print "Payroll Register"
print "\nEmployee No.\tDepartment\tPay Rate\tExempt\tHours Worked\tBase Pay\tOvertime Pay\n"
}
{
bp=$3*$5
op=($4=="N" && $5>40)?bp*1.5:0
tot+=(op!=0)?op:bp
printf("%d\t%d\t%0.2f\t%c\t%d\t%0.2f\t%0.2f\n",$1,$2,$3,$4,$5,bp,op)
}
^Dbash-3.2$ cat>Ch12S4.awk[C[C[C[C[C[C[C[C[C[Cawk -f Ch12S4.awk Ch12S4F1
Payroll Register

Employee No.	Department	Pay Rate	Exempt	Hours Worked	Base Pay	Overtime Pay

101	41	8.11	Y	49	397.39	0.00
722	32	7.22	N	40	288.80	0.00
1273	23	5.43	Y	39	211.77	0.00
2584	14	6.74	N	45	303.30	454.95
bash-3.2$ awk -f Ch12S4.awk Ch12S4F1[C[C[C[C[C[C[C[C[C[C[12Pcat>Ch12S4.awk
BEGIN{
print "Payroll Register"
print "\nEmployee No.\tDepartment\tPay Rate\tExempt\tHours Worked\tBase Pay\tOvertime Pay\n"
}
{
bp=$3*$5
op=($4=="N" && $5>40)?bp*1.5:0
tot+=(op!=0)?op:bp
printf("%d\t\t%d\t%0.2f\t%c\t%d\t%0.2f\t%0.2f\n",$1,$2,$3,$4,$5,bp,op)
}
^Dbash-3.2$ cat>Ch12S4.awk[C[C[C[C[C[C[C[C[C[Cawk -f Ch12S4.awk Ch12S4F1
Payroll Register

Employee No.	Department	Pay Rate	Exempt	Hours Worked	Base Pay	Overtime Pay

101		41	8.11	Y	49	397.39	0.00
722		32	7.22	N	40	288.80	0.00
1273		23	5.43	Y	39	211.77	0.00
2584		14	6.74	N	45	303.30	454.95
bash-3.2$ awk -f Ch12S4.awk Ch12S4F1[C[C[C[C[C[C[C[C[C[C[12Pcat>Ch12S4.awk
BEGIN{
print "Payroll Register"
print "\nEmployee No.\tDepartment\tPay Rate\tExempt\tHours Worked\tBase Pay\tOvertime Pay\n"
}
{
bp=$3*$5
op=($4=="N" && $5>40)?bp*1.5:0
tot+=(op!=0)?op:bp
printf("%d\t\t%d\t\t%0.2f\t%c\t%d\t%0.2f\t%0.2f\n",$1,$2,$3,$4,$5,bp,op)
}
^Dbash-3.2$ cat>Ch12S4.awk[C[C[C[C[C[C[C[C[C[Cawk -f Ch12S4.awk Ch12S4F1
Payroll Register

Employee No.	Department	Pay Rate	Exempt	Hours Worked	Base Pay	Overtime Pay

101		41		8.11	Y	49	397.39	0.00
722		32		7.22	N	40	288.80	0.00
1273		23		5.43	Y	39	211.77	0.00
2584		14		6.74	N	45	303.30	454.95
bash-3.2$ awk -f Ch12S4.awk Ch12S4F1[C[C[C[C[C[C[C[C[C[C[12Pcat>Ch12S4.awk
BEGIN{
print "Payroll Register"
print "\nEmployee No.\tDepartment\tPay Rate\tExempt\tHours Worked\tBase Pay\tOvertime Pay\n"
}
{
bp=$3*$5
op=($4=="N" && $5>40)?bp*1.5:0
tot+=(op!=0)?op:bp
printf("%d\t\t%d\t\t%0.2f\t\t%c\t%d\t%0.2f\t%0.2f\n",$1,$2,$3,$4,$5,bp,op)
}
^Dbash-3.2$ cat>Ch12S4.awk[C[C[C[C[C[C[C[C[C[Cawk -f Ch12S4.awk Ch12S4F1
Payroll Register

Employee No.	Department	Pay Rate	Exempt	Hours Worked	Base Pay	Overtime Pay

101		41		8.11		Y	49	397.39	0.00
722		32		7.22		N	40	288.80	0.00
1273		23		5.43		Y	39	211.77	0.00
2584		14		6.74		N	45	303.30	454.95
bash-3.2$ awk -f Ch12S4.awk Ch12S4F1[C[C[C[C[C[C[C[C[C[C[12Pcat>Ch12S4.awk
BEGIN{
print "Payroll Register"
print "\nEmployee No.\tDepartment\tPay Rate\tExempt\tHours Worked\tBase Pay\tOvertime Pay\n"
}
{
bp=$3*$5
op=($4=="N" && $5>40)?bp*1.5:0
tot+=(op!=0)?op:bp
printf("%d\t\t%d\t\t%0.2f\t\t%c\t%d\t\t0.2   %0.2f\t\t  \t%0.2f\n",$1,$2,$3,$4,$5,bp,op)
}
^Dbash-3.2$ cat>Ch12S4.awk[C[C[C[C[C[C[C[C[C[Cawk -f Ch12S4.awk Ch12S4F1
Payroll Register

Employee No.	Department	Pay Rate	Exempt	Hours Worked	Base Pay	Overtime Pay

101		41		8.11		Y	49		397.39		0.00
722		32		7.22		N	40		288.80		0.00
1273		23		5.43		Y	39		211.77		0.00
2584		14		6.74		N	45		303.30		454.95
bash-3.2$ awk -f Ch12S4.awk Ch12S4F1[C[C[C[C[C[C[C[C[C[C[12Pcat>Ch12S4.awk
BEGIN{
print "\nPayroll Register"
print "\nEmployee No.\tDepartment\tPay Rate\tExempt\tHours Worked\tBase Pay\tOvertime Pay\n"
}
{
bp=$3*$5
op=($4=="N" && $5>40)?bp*1.5:0
tot+=(op!=0)?op:bp
printf("%d\t\t%d\t\t%0.2f\t\t%c\t%d\t\t%0.2f\t\t%0.2f\n",$1,$2,$3,$4,$5,bp,op)
}
END{
r print \n  "\nTotal Payroll: " tot
}
^Dbash-3.2$ cat>Ch12S4.awk[C[C[C[C[C[C[C[C[C[Cawk -f Ch12S4.awk Ch12S4F1

Payroll Register

Employee No.	Department	Pay Rate	Exempt	Hours Worked	Base Pay	Overtime Pay

101		41		8.11		Y	49		397.39		0.00
722		32		7.22		N	40		288.80		0.00
1273		23		5.43		Y	39		211.77		0.00
2584		14		6.74		N	45		303.30		454.95

Total Payroll: 1352.91
bash-3.2$ awk -f Ch12S4.awk Ch12S4F1>Ch12S4R1
bash-3.2$ cat Ch12S4R1

Payroll Register

Employee No.	Department	Pay Rate	Exempt	Hours Worked	Base Pay	Overtime Pay

101		41		8.11		Y	49		397.39		0.00
722		32		7.22		N	40		288.80		0.00
1273		23		5.43		Y	39		211.77		0.00
2584		14		6.74		N	45		303.30		454.95

Total Payroll: 1352.91
bash-3.2$ exit
exit
There are stopped jobs.
bash-3.2$ exit
exit

Script done on Mon Nov 22 10:37:18 2021
