Script started on Mon Oct 25 11:20:26 2021

The default interactive shell is now zsh.
To update your account to use zsh, please run `chsh -s /bin/zsh`.
For more details, please visit https://support.apple.com/kb/HT208050.
[?1034hbash-3.2$ CIS[K[K[Kcat>c[Ka6-e3-f1
CIS	15	1	45
CIS	54	1	20
	B BUS	34	3=	  	2	20
ENG	11	2	89
CIS 45	1	   	45	1	38
MTH	35	1	56
	MTH 35	2	   	35	2	41
PE	17	2	25
CIS 54	   	54	2	67^D^[[3~^[[3~          
^Dbash-3.2$ cat>a6-e3-f1[K[K[K[K[K[K[K[K[K[K[K[Kuniq c[K-c a6-e3-d[Kf1|grep '^1'
bash-3.2$ uniq -c a6-e3-f1|grep '^1'[C[K[1P^1
bash-3.2$ uniq -c a6-e3-f1|grep ^1[1P1
   1 CIS	15	1	45
   1 CIS	54	1	20
   1 BUS	34	2	20
   1 ENG	11	2	89
   1 CIS 	45	1	38
   1 MTH	35	1	56
   1 MTH 	35	2	41
   1 PE	17	2	25
   1 CIS	54	2	67
bash-3.2$ uniq -c a6-e3-f1|grep 1^1'^1'[C[C[C[C[C[C[C[C[C[C[14Pcat>a6-e3-f1[1Pa6-e3-f1[1Pa6-e3-f1[1P6-e3-f1[1Pa6-e3-f1ga6-e3-f1ra6-e3-f1ea6-e3-f1pa6-e3-f1 a6-e3-f11a6-e3-f1 a6-e3-f1
CIS	15	1	45
CIS	54	1	20
ENG	11	2	89
CIS 	45	1	38
MTH	35	1	56
MTH 	35	2	41
PE	17	2	25
bash-3.2$ grep 1 a6-e3-f1" a6-e3-f1[1@"
CIS	15	1	45
CIS	54	1	20
ENG	11	2	89
CIS 	45	1	38
MTH	35	1	56
MTH 	35	2	41
PE	17	2	25
bash-3.2$ grep "1" a6-e3-f1[C[1@-[1@w[1@ 
CIS	15	1	45
CIS	54	1	20
CIS 	45	1	38
MTH	35	1	56
bash-3.2$ grep -w "1" a6-e3-f1>a6-e3-f2
bash-3.2$ grep -w "1" a6-e3-f1>a6-e3-f2[K[3P[C[C[C[C[C[C[C[C[C[C[C[C[1P[1@C[1@*
CIS	15	1	45
CIS	54	1	20
BUS	34	2	20
ENG	11	2	89
CIS 	45	1	38
MTH	35	1	56
MTH 	35	2	41
PE	17	2	25
CIS	54	2	67
bash-3.2$ grep "C*" a6-e3-f1[C[1P[1@^
CIS	15	1	45
CIS	54	1	20
CIS 	45	1	38
CIS	54	2	67
bash-3.2$ grep "^C" a6-e3-f1[1P[1P[1@C[1@O[1P[1@I[1@S
CIS	15	1	45
CIS	54	1	20
CIS 	45	1	38
CIS	54	2	67
bash-3.2$ grep "CIS" a6-e3-f1>a6-e3-f3
bash-3.2$ cut f2,3-f2,3[C[C[C[C[K4|[K a6-ee-[K[K3-f1|[C[C[C[C[C[C[C[C[C[C[Cgrp[Kep [[K[0-2[K[K[K[K[2-9][[K[K[K[K[K[K[1P[1P[1P[C[1P[1@-[1@f[1@1[1P[C[C[C[C[C[C[C[C[C[C[C[C[C[C[C[C[[K[1@a[1@s[1@h[1@-[1@3[1@.[1@2[1@$[1@ [1@c[1@u[1@t[1@ [1@-[1@f[1@4[1@ [1@a[1@6[1@-[1@e[1@3[1@-[1@f[1@1[1@|[C[1@g[1@r[1@e[1@p[1@ [1@[[1P[1P[1P[1P[1P[1P[1P[1P[1P[1P[1P[1P[1P[1P[1P[1P[1P[1P[1P[1P[1P[1P[1P[1P[1P[1P[1P[1P[1P[1P[1P[1P[1P[1P[1P[1P[1P[1P[1P[1P[1P[1P[1P[1P[1P[1P[1P[1P[1P[1P[1P[1P[1P [Kgrep [K[K[K[K[Kcut-[K -f2f[K,4 a6-e3-f1[K1|grep '\t[K[K[K[K[K[K[K[K[K
15	45
54	20
34	20
11	89
45	38
35	56
35	41
17	25
54	67
bash-3.2$ cut -f2,4 a6-e3-f1|grep \[K'\t[[K[C[C[C[C[C-'\tv'\t '\t[C[C[C[0[K2-9][5-91-4]'
54	20
34	20
bash-3.2$ cut -f2,4 a6-e3-f1|grep -v '\t[2-9][5-91-4]'[C[C[C[C[C[C[C[C[C[C[Kcut -f2,4 a6-e3-f1|grep -v '\t[2-9][5-91-4]'>a6-e3-f4
bash-3.2$ cut -f2,4 a6-e3-f1|grep -v '\t[2-9][5-91-4]'>a6-e3-f4[K5[1P][5-91-4]'>a6-e3-f53][5-91-4]'>a6-e3-f5[C[C[1P-91-4]'>a6-e3-f5[1P91-4]'>a6-e3-f5[1P1-4]'>a6-e3-f5[1P-4]'>a6-e3-f5[1P4]'>a6-e3-f5[1P]'>a6-e3-f55]'>a6-e3-f5-]'>a6-e3-f59]'>a6-e3-f50]'>a6-e3-f5[C[C[1P>a6-e3-f5[1Pa6-e3-f5[1P6-e3-f5[1P-e3-f5[1Pe3-f5[1P3-f5[1P-f5[1Pf5[1P5[K'
15	45
11	89
35	56
35	41
54	67
bash-3.2$ cut -f2,4 a6-e3-f1|grep -v '\t[2-3][5-90]'[1P '\t[2-3][5-90]'[1P '\t[2-3][5-90]'[1P'\t[2-3][5-90]'
54	20
34	20
45	38
17	25
bash-3.2$ cut -f2,4 a6-e3-f1|grep '\t[2-3][5-90]'[C[C[1P][5-90]'[1P][5-90]'[C[C[C[C[C[C[1P]'[C/'3'0'[C
bash-3.2$ cut -f2,4 a6-e3-f1|grep '\t[2][5-9]/30'[1P30'\30'
grep: invalid backreference number
bash-3.2$ cut -f2,4 a6-e3-f1|grep '\t[2][5-9]\30'[1P30'/30'\/30'
bash-3.2$ cut -f2,4 a6-e3-f1|grep '\t[2][5-9]\/30'[1P30'[1P30'/30'
bash-3.2$ cut -f2,4 a6-e3-f1|grep '\t[2][5-9]/30'[1P30'[1P0'[1P'
17	25
bash-3.2$ cut -f2,4 a6-e3-f1|grep '\t[2][5-9]')'([2][5-9])'[C[C[C[C[C[C[C[C\)'3)'0)'
grep: invalid backreference number
bash-3.2$ cut -f2,4 a6-e3-f1|grep '\t([2][5-9]\30)'[1P30)'/30)'
bash-3.2$ cut -f2,4 a6-e3-f1|grep '\t([2][5-9]/30)'\'[C[C[1P'[1P'[1P([2][5-9]/30't([2][5-9]/30'[1P[2][5-9]/30'[C[C[C[C[C[C[C[C[C[C[1P30'|30'[1P30'\30'|30'
17	25
bash-3.2$ cut -f2,4 a6-e3-f1|grep '\t[2][5-9]\|30'>a6-e3-f4[K5
bash-3.2$ exit
exit

Script done on Mon Oct 25 11:47:12 2021
