Script started on Mon Oct 25 10:31:55 2021

The default interactive shell is now zsh.
To update your account to use zsh, please run `chsh -s /bin/zsh`.
For more details, please visit https://support.apple.com/kb/HT208050.
[?1034hbash-3.2$ cat [K>a6-e1-f1
1425	Juan    	Juan	18	14.55  25
4321	George	22		21.11
6781	anna===       Anna	44	16.77
1451	Ben	16  36	21.77
2277	Tuan	16	18.77^C
bash-3.2$ cat>a6-e1-f1[C[1Pa6-e1-f1 a6-e1-f1
1425	Juan	18	14.25
4321	George	22	21.11
6781	Anna	44	16.77
1451	Ben	36	21.77
bash-3.2$ grep 'Anna;[K' a6-e1-f1
6781	Anna	44	16.77
bash-3.2$ grep 'Anna' a6-e1-f1[C[1@\[1@t[1@\[1@t
bash-3.2$ grep 'Anna\t\t' a6-e1-f1[C[1P[1P[1P[1P[1P[1P
1425	Juan	18	14.25
4321	George	22	21.11
6781	Anna	44	16.77
1451	Ben	36	21.77
bash-3.2$ grep '\t' a6-e1-f1[6@Anna\t[C[C[C[C[C[C[C[C[C[C[C[C[C[C[C[C[C[C[C[C[C[C[C[C[C[C[C[C[6P[C[C[C[C[C[C[C[C[C[C[C[C[6@Anna\t[C[C[C[C[C[C[C[C[C[C[C[C[1P[1P[1@\
grep: trailing backslash (\)
bash-3.2$ grep 'Anna\t\' a6-e1-f1[1P
6781	Anna	44	16.77
bash-3.2$ grep 'Anna\t' a6-e1-f1[C[1P[1P[C[C[C[C[C[C[C[C[C[C[C[C[Kgrep 'Anna' a6-e1-f1[C|cut -f3[K4|paste
usage: paste [-s] [-d delimiters] file ...
bash-3.2$ grep 'Anna' a6-e1-f1|cut -f4|paste>
bash: syntax error near unexpected token `newline'
bash-3.2$ grep 'Anna' a6-e1-f1|cut -f4|paste>[C[K[K[K[K[K[K[K
16.77
bash-3.2$ grep 'Anna' a6-e1-f1|cut -f4[C|paste>[K[C[C[C[C[C[C[C[C[C[C[C[C[C[C[C[C[C[C[C[C[12P\t' a6-e1-f1[1P[1P[1P[1P[1P[1P[1@1[1@4[1@5[1@6
bash-3.2$ grep '1456' a6-e1-f1[1P[1@1
1451	Ben	36	21.77
bash-3.2$ cut -f1[K2,3 a6-e1-f1
Juan	18
George	22
Anna	44
Ben	36
bash-3.2$ cut -f2,3 a6-e1-f1|grep [[K'2*[0-9]'
Juan	18
George	22
Anna	44
Ben	36
bash-3.2$ cut -f2,3 a6-e1-f1|grep '2*[0-9]'[1P[0-9]'?[0-9]'
bash-3.2$ cut -f2,3 a6-e1-f1|grep '2?[0-9]'\?[0-9]'
Juan	18
George	22
Anna	44
Ben	36
bash-3.2$ cut -f2,3 a6-e1-f1|grep '2\?[0-9]'[1P?[0-9]'
bash-3.2$ cut -f2,3 a6-e1-f1|grep '2?[0-9]'[2?[0-9]'[C-?[0-9]'9?[0-9]']?[0-9]'[C[1P[0-9]'
George	22
Anna	44
Ben	36
bash-3.2$ grep [K[K[K[K[Kcut -f1,3,4 a6-e1-f1|[K[K[K[K[K[K[K[K[K[K[K[K[K[K[K[K[K[K[K[K[Kgrep '[2-9][2][K-[K[K-9[K[K0-9]\.'
a6-e1-f1
^[[A^[[A        ^Dbash-3.2$ grep '[2-9][0-9]\.' a6-e1-f1
4321	George	22	21.11
1451	Ben	36	21.77
bash-3.2$ grep '[2-9][0-9]\.' a6-e1-f1|cut f-1[K[K[K-f1,3
4321	22
1451	36
bash-3.2$ grep '[2-9][0-9]\.' a6-e1-f1|cut -f1,3[C[1P[1P[C[C[C[C[C[C[C[C[C[C[C[C[C[C[C[C[C[C[C[C[K2,3[C[K4[C[C[C[1P[1P[1P[1@0[C[C[C[C[C
bash-3.2$ exit
exit

Script done on Mon Oct 25 10:46:51 2021
